-----BEGIN PGP PUBLIC KEY BLOCK-----

mQENBFzcUkMBCADWLgLZbqOtktiJ4otvuF/QjbHU9kyCUXhIGfWU/mg8SZERhpLr
G9g7mt+jxSo/lBqyTKMEwFEHjpisiitwb+ujp30GkQVNofVdZL8Zo2QiYJMe/34k
QrQyngc5StqwkYXSyTMtsCTPNtYGCyqn6WEb8Eirf7ziaU+o/o+txgAkav/3bkIh
my5u7EEYjUVNh5htd2L5wm0B8XSmXKmla3zikZ2iusUY4MbJpOAF/zUUyIOOvsqO
KrkG3Tk4G9oS+Mim5ypYBfYAUCaksf7XA+1kP2zmfTJE11sABX9V13oSp2bXfgZC
XZAw9Pv/YGPpy545tQ4bJwCisw1urQFceKszABEBAAG0Im5ld2tleTIgPG5ld2tl
eTJAcHVia2V5LmxvY2FsaG9zdD6JAU4EEwEIADgWIQTVS6mbfNkkSJATBvRq0xoB
xeJfogUCXNxSQwIbAwULCQgHAgYVCgkICwIEFgIDAQIeAQIXgAAKCRBq0xoBxeJf
orXvB/9h9J0oOIUeA7jPcJ8k4bpvV8pK3ikYxBdGGEJ3Hkvp2KiSMJg7VDBC3pfh
Yvr2J20b++cG0d4HF0H89GDNySMFvcQbMHLSCgkompxFtd387p30bNRM9o7VuLri
a9iyb2pJYa2XgVtMKD4Lg9nM9klM/pS6y1CABps24LOIS1HLIHqmGJ1hmWkvV4kL
MhyhY6MO7y86DlAr0ipvlp03vu6hdED5AynIcOGHg8xIsyWyjSanbFKl8GklutnW
Km57BtoAP3ief2keu/THEBYHDV+RjV2OVbrM08cIZ5pHONH19PI+LlhpuCdykAqu
UrQNRFAecijaSiaDz0XivZ3inTAJiQEzBBABCAAdFiEE4SfDXT/N5V9N/7ZPldtT
dgDQfDAFAlzcWl8ACgkQldtTdgDQfDDIewf+OGMPWv1uEk9zoPQZopQ0xOMoMxqJ
h1g1TpssXrsTIMcheBxPP5Catu/YwlyNszooo7vNcZXrnLUr3LBqjO/LMCzZjbqp
8Z2QSKlX/vURqb5Sm29po75nx1rflwTFloEoj/Lh5P6LqKL+YNLDVp+RarLbCLwa
2/57AZkBy4Gvq/ldWkrJwkZCTNVJRJI5UqygEfAnbaglRXdY5HAvITLiMFOtTUH5
ky05I/WHL1vUesZd7c5Mx4JsGUnhBPCcZcgLtqy3NR6aY3DFenxU91xel6TvVmj7
Hv8HXYw4F7QVf3RVBlkg39qbL8YdRGSuWLfQYWE6exFulNg5LMet14rSAokBMwQQ
AQgAHRYhBBJt9REYHCHpTmiMRKqKa+AeswdDBQJc3KxiAAoJEKqKa+AeswdDrx4H
/RDqcHdbQf8dqJNStAJCBgdmVWoccmSH6mdRKwofeoo196Xw5+y2JMwNMvYqvX76
tSBHI2BNB0Ox+5wb+cnOK4IRHRtP9FYRbvLtMfWtv2uujCN7VlCl3Dxw1EBsfogE
Z4wHHbyDWCeABPUsKxhO+3ZE2+GJVqJv5wblDrsrfge5kvghEOemqAT5681+XHCw
PV5VqJqhhSCBSq20KtnLSNSECujPWACotpGgD54KOsgG89d05SIHcYZbKWf7KG+N
fpkXuJdwz3QFfpsgqjqWYWyK9tHeFykt5HlJnQNdoWpMldTMD7fe3om37TpWN/HT
LYvVu/ejYpADa7lSn9eW30i5AQ0EXNxSQwEIAJM5x8MpHoCoJpkKE0kXp2elV+Q0
j+N75SMpGxXouy7RWPxG9v+QmQWMc9lHBJ/YRbKUuyOp5kHwncpFiAeHQa/QDhQv
9i354y1KV9sqlKQPaPz9DS2k1ADnIihWLXE9vIadSpiHJH9QVoKy1J4Sn/DsEwfa
U/85SxWyRrw0B4EBlULtUhtrhLVcrwUO5b46lw0Jk1ZyFimzvOak7gmYJBcRR+xo
LmNFIhIFIYH+ZmiNz5Hwfc80kbtMGcmXEYGXkGNMSCiAw+r4oKQnJgjPUX5r9UIm
RylNqZ9JN4q1GCfl2TYH1WXSGYk7cNNcgIswbmcbCBnKyU3E7+xNtSv+LDMAEQEA
AYkBNgQYAQgAIBYhBNVLqZt82SRIkBMG9GrTGgHF4l+iBQJc3FJDAhsMAAoJEGrT
GgHF4l+iS8sH+wZZvK/rElJcu/kOoHZNqO8m5duBBAFo6mhskWCggxmilQ2Zupkf
S0bB3xi5Q0mjg77YZqkmzcu2hRDk7XxKGdNGc9JhWx/Xi6UUqMUzo5Zq51sK668C
ChaORkQNS0DdcPRFqE4mRXQay/SuWPqqr53Ggh3I195t5zeDCLgooO4ah7R8M7xT
SEo9F4L78CS24Z3qqe+lAZ1HNO8lSlwlgSWc9+YLh3rr6jWNYYeob8fpPlH1wnmg
CQaXHti3UvwvktMCEN/cufqyc4NP0WC/ClGBDXvYLumwPgigTLuLVwrgZw6KmZMN
2q7A8x9Fa+XgU5qRlFdNrmLCYERWqA2dK4c=
=gn16
-----END PGP PUBLIC KEY BLOCK-----
