-----BEGIN PGP PUBLIC KEY BLOCK-----

mQENBFzcUiUBCAC8v5NKmsLQQ8rMkrEMQDLlCZgsGVCQ6yhQ4ShPAXPaILN8qOsI
2glDVO+e1woymGDjlFk2sN9UFLNrFilrEiV1umM9kGnn/9W0yHkv25QQOHQnenZX
ByROP47B4ozI6PnCQM+PaQOpmIkpLSUr5ZNdvtpYwWnNQ9s0B5qa40b4+kggYPaT
VU7pffCMR6oPaATaPM4kOhU/OR9gOJ9NB3HpY7DnIjNAc5FgQyqu4pO+q7M7+Qq2
DB0/ZOhcj3gcx24XYWdeQMkW5g78yTadxADnlsZxzjxjaNnoBcGPvVeYh38YviFh
MEzX7L3buSXLu2UHQZLugXLBk2lRJZVO9l1HABEBAAG0Im5ld2tleTEgPG5ld2tl
eTFAcHVia2V5LmxvY2FsaG9zdD6JAU4EEwEIADgWIQSoSWRNpFIoHS62N+qf680f
eRvGuQUCXNxSJQIbAwULCQgHAgYVCgkICwIEFgIDAQIeAQIXgAAKCRCf680feRvG
uVlJB/9vJa/Q9fg2YQOx380KcpYM0DnjU54VBogHCiICgVs63L0Q6mRQQrXrCCtq
VWEYIkFtqs398ETz9FRuML55lvkPgX0rRNY4/ExxvDqUuj172ysRUQQEbHuynFHY
4ApuvCfVGFnnzfKqsbmz9LtHHYckTu7U4YkOlWWL/xG4bzNREdtSrrS7ZTLV4SCz
C1bZfN0tSQHf0xOvzM66cH7QPauZ4D/mCQtbOul9KLW+vOxbBIbNSmyDCycs95Gn
wWi+ewSIbwh7K3lFcyslhlipsYp7EdK8uKG6FiazjDuvKRnsSCcA9ThLPsRH4iNn
SQLWOZxWPw8+YJZtUH7HWtHoYb+xiQEzBBABCAAdFiEE4SfDXT/N5V9N/7ZPldtT
dgDQfDAFAlzcWkcACgkQldtTdgDQfDAluAf/egahGonyvFmToQ11VRuJVFoGefX2
y0jzVwsPWoeiCQS7/1nOd1A91x+fmeJPS7FqJ8+hfJpw9Z+gDWn645cUVHNOjmiC
UycVMd+IpEQ2DfNreXGp4EgjgUYiUk2/e1grKvWUfm2doW+6EpO2hDxa65Oq31iC
7UzgaDz06DR6+RYZkzstRnCsAf0JkCIXSoAxNG82pS6spN3mHL8dyhKOUq/oZ2fn
S8nClXwJbNqp6eUOmuC77Pb8tA7lbsIt4z+jtQvbIhmL+C2dDp6UWxCR+XNnroi3
kFRc/JwHaHwCX+GqJowdT6nCNUVHhgOS+0xD65otQmjhKFo4wiBTFxT33IkBMwQQ
AQgAHRYhBBJt9REYHCHpTmiMRKqKa+AeswdDBQJc3ZoiAAoJEKqKa+AeswdD50MH
/31fpLQgxYgDCOYZjwaMRajNc5ouA7TsfZsSUqgBkxvsQC645R3esRkCj7d5y9vU
dkg7W9VphvtF486HA31TulQmPf/hh5k3UYhjTGNNFR7WrauvLr5m3CNEkfIl+DEh
rumPoDWo9MjjIwM9ZkcYX1bdl1qDpPqpGXBTwV2MAD25BugDGU5rGp8okPNtrCC3
Oe6oIWKYzPyPcSxiUFaNXvjAQNInQWUTymJqg04/fcPJ9Z0ER78QchnJjP4EmlMz
oV9nGidhWS+RdjuJG2Wz79pjJrdwqOrDVzZierKDLSOCyVee125UAbdh9wmQ9xZo
g0uiCR8Tdt1Ij58bVtB0w/a5AQ0EXNxSJQEIAMJ98LiMXApOEA9ugjkwerGmtXCn
KE9m0Pw6efGQMd50fD+AvscrbTWvhD5iYXPqdUB+RS5TPCLmzOPjLVsWZqIJDWzf
8io6slEn94XFCN1lzMwumjmircsNXraXr3TbbhLaqAPp4u6ej3ByC2paXSeHMQ4+
zMJJVTvT0QEeRus4D7Hl6X0K9yaRqxXxDyV+5oondlRBzoYNGdefvHjaIskSQNCG
XxhWz4FKYRAawm2Yc5e1V+yOEQ7RHozvYR1on2xPc2hoQQHLZ2dhu+4ao5ZtyHIh
5XJipNu5pcagGn3FAXiV1GVaaBiZr+9YRqBcReVSevgnhFkOwoV8P3Xd0FMAEQEA
AYkBNgQYAQgAIBYhBKhJZE2kUigdLrY36p/rzR95G8a5BQJc3FIlAhsMAAoJEJ/r
zR95G8a5hKgIAKQTVwiQmFV/Ln5LzEOcfA1ibWY6OFaGK0QjA9HB06x+1L2QjptF
OGynjF0OanNHkoxS4OqgGBlvzWe2CxcB27XIqpuY9f0DKyJsEp72fYwrPy0qXXRi
VJ3u3wP6q3NceHCIuzxSqQWrnUJLziyPsJEfve2nS5oqWZcjQhcvCyVlXJXTp4dm
VQwAj903FxXp4klpV1KjN6jqbnH0imMms6AB29yV9H0CcAvibX5+sTaZZMRxzP1g
yMTTZZ8nWBhk3RU/QZOFXIo5E+v/+nzuP2aWFRHlHTXa4ySDbjyW3HvPxK4zKf2L
rqQv6Cf4Bvbwm6ZhSDRAP80FLWIYfJhujhg=
=PSpu
-----END PGP PUBLIC KEY BLOCK-----
